<html>
  <body>

pageContext set

  </body>
</html>