<html>

  <body>
Hashtable get("key 1") : Value 1

  </body>
</html>
