<head><title>Document moved</title></head>
<body><h1>Document moved</h1>
This document has moved <a href="http://localhost:8080/test/jsp/index.html">here</a>.<p>
</body>
