<html>
<body>
<h1>ServletParam</h1>
<dl>
</dl>
</body></html>

