<html>

10
Name: TestBean


<P>
99
Name: new Name
</html>