<html>
<!--
-->
    
    <h1> 
        An exception occured 
    </h1>
</body>
</html>