FORWARDWITHQUERYTARGET
city=Cupertino&age=100000&name=Sun Microsystems

