<html>
  <body>

exception not set

  </body>
</html>