<html>
<body>

Valid buffer size - "2048kb"
</body>
</html>