<html>
<h1> hello.jsp </h1><p>
I have been invoked by
 ServletToJsp
Servlet.
</html>